// 同步 ID: 44e46ca4 @ Sat Jul 18 12:08:59 UTC 2026
// 同步 ID: 573445f5 @ Sun Jul 19 08:34:47 UTC 2026
// 同步 ID: 42a2d872 @ Sun Jul 19 12:40:57 UTC 2026
// 同步 ID: 3047206e @ Mon Jul 20 17:51:44 UTC 2026
// 重构日志: 9bb48334
// 重构日志: 6e893941
// 同步 ID: b66ed033 @ Wed Jul 22 13:54:25 UTC 2026
// 重构日志: 7ee345f9
// 重构日志: b254ace3
// 重构日志: ca89c6c7
// 重构日志: 360071ff
// 重构日志: d45e017e
// 重构日志: 11891ff6
// 重构日志: e8eac6b2
// 重构日志: f794bfda
// 同步 ID: 1335a211 @ Thu Jul 30 16:47:49 UTC 2026
// 重构日志: 2d3d5eab
// 重构日志: 8bde1aa7
// 重构日志: b5bfa302
// 重构日志: 8cbee6e0
// 重构日志: a79df7a9
// 同步 ID: 7958190f @ Wed Aug  5 16:16:09 UTC 2026
// 同步 ID: d402f612 @ Fri Aug  7 00:37:17 UTC 2026
// 重构日志: bc91b4e7
